------------------------------------------------------------
TimeQuest Timing Analyzer Summary
------------------------------------------------------------

Type  : Slow Model Setup 'FlipflopJK:u1|x'
Slack : 0.379
TNS   : 0.000

Type  : Slow Model Setup 'FlipflopJK:u2|x'
Slack : 0.379
TNS   : 0.000

Type  : Slow Model Setup 'FlipflopJK:u3|x'
Slack : 0.379
TNS   : 0.000

Type  : Slow Model Setup 'clk'
Slack : 0.379
TNS   : 0.000

Type  : Slow Model Hold 'clk'
Slack : -2.548
TNS   : -2.548

Type  : Slow Model Hold 'FlipflopJK:u2|x'
Slack : -2.057
TNS   : -2.057

Type  : Slow Model Hold 'FlipflopJK:u1|x'
Slack : -2.010
TNS   : -2.010

Type  : Slow Model Hold 'FlipflopJK:u3|x'
Slack : 0.391
TNS   : 0.000

Type  : Slow Model Minimum Pulse Width 'clk'
Slack : -1.380
TNS   : -3.380

Type  : Slow Model Minimum Pulse Width 'FlipflopJK:u1|x'
Slack : -0.500
TNS   : -2.000

Type  : Slow Model Minimum Pulse Width 'FlipflopJK:u2|x'
Slack : -0.500
TNS   : -2.000

Type  : Slow Model Minimum Pulse Width 'FlipflopJK:u3|x'
Slack : -0.500
TNS   : -1.000

Type  : Fast Model Setup 'FlipflopJK:u1|x'
Slack : 0.665
TNS   : 0.000

Type  : Fast Model Setup 'FlipflopJK:u2|x'
Slack : 0.665
TNS   : 0.000

Type  : Fast Model Setup 'FlipflopJK:u3|x'
Slack : 0.665
TNS   : 0.000

Type  : Fast Model Setup 'clk'
Slack : 0.665
TNS   : 0.000

Type  : Fast Model Hold 'clk'
Slack : -1.591
TNS   : -1.591

Type  : Fast Model Hold 'FlipflopJK:u2|x'
Slack : -1.300
TNS   : -1.300

Type  : Fast Model Hold 'FlipflopJK:u1|x'
Slack : -1.266
TNS   : -1.266

Type  : Fast Model Hold 'FlipflopJK:u3|x'
Slack : 0.215
TNS   : 0.000

Type  : Fast Model Minimum Pulse Width 'clk'
Slack : -1.380
TNS   : -3.380

Type  : Fast Model Minimum Pulse Width 'FlipflopJK:u1|x'
Slack : -0.500
TNS   : -2.000

Type  : Fast Model Minimum Pulse Width 'FlipflopJK:u2|x'
Slack : -0.500
TNS   : -2.000

Type  : Fast Model Minimum Pulse Width 'FlipflopJK:u3|x'
Slack : -0.500
TNS   : -1.000

------------------------------------------------------------
